Component: ARM Compiler 5.06 update 6 (build 750) Tool: armlink [4d35ed]

==============================================================================

Section Cross References

    startupnokia.o(RESET) refers to startupnokia.o(STACK) for StackMem
    startupnokia.o(RESET) refers to main.o(.text) for Start
    startupnokia.o(RESET) refers to display.o(timer) for hfmessage
    startupnokia.o(RESET) refers to timer.o(routines) for My_Timer0A_Handler
    startupnokia.o(RESET) refers to gpio.o(routines) for My_GPIOPortF_Handler
    timer.o(routines) refers to display.o(timer) for SetXYNokia
    gpio.o(routines) refers to adc.o(routines) for Sampl
    main.o(.text) refers to display.o(timer) for Nokia_Init
    main.o(.text) refers to gpio.o(routines) for GPIO_Init
    main.o(.text) refers to timer.o(routines) for timer_init
    main.o(.text) refers to adc.o(routines) for ADC_Init


==============================================================================

Removing Unused input sections from the image.

    Removing startupnokia.o(HEAP), (0 bytes).
    Removing startupnokia.o(.text), (28 bytes).

2 unused section(s) (total 28 bytes) removed from the image.

==============================================================================

Image Symbol Table

    Local Symbols

    Symbol Name                              Value     Ov Type        Size  Object(Section)

    RESET                                    0x00000000   Section      656  startupnokia.o(RESET)
    ADC.s                                    0x00000000   Number         0  adc.o ABSOLUTE
    GPIO.s                                   0x00000000   Number         0  gpio.o ABSOLUTE
    StartupNokia.s                           0x00000000   Number         0  startupnokia.o ABSOLUTE
    Timer.s                                  0x00000000   Number         0  timer.o ABSOLUTE
    display.s                                0x00000000   Number         0  display.o ABSOLUTE
    main.s                                   0x00000000   Number         0  main.o ABSOLUTE
    $v0                                      0x0000026c   Number         0  startupnokia.o(RESET)
    .text                                    0x00000290   Section     1324  main.o(.text)
    imgFrame                                 0x00000290   Data           0  main.o(.text)
    imglogo                                  0x00000488   Data          84  main.o(.text)
    $v0                                      0x00000688   Number         0  main.o(.text)
    routines                                 0x000007bc   Section      572  timer.o(routines)
    chronometer                              0x000007bc   Data           0  timer.o(routines)
    $v0                                      0x000008a4   Number         0  timer.o(routines)
    routines                                 0x000009f8   Section      492  gpio.o(routines)
    $v0                                      0x000009f8   Number         0  gpio.o(routines)
    routines                                 0x00000be4   Section      220  adc.o(routines)
    $v0                                      0x00000be4   Number         0  adc.o(routines)
    timer                                    0x00000cc0   Section     2316  display.o(timer)
    ASCII                                    0x00000cc0   Data           5  display.o(timer)
    clearfield                               0x00000e9b   Data           0  display.o(timer)
    cursorU                                  0x0000103f   Data           5  display.o(timer)
    cursorL                                  0x00001067   Data           5  display.o(timer)
    bshipU                                   0x0000107b   Data           7  display.o(timer)
    bshipL                                   0x000010b3   Data           7  display.o(timer)
    cshipU                                   0x000010eb   Data           7  display.o(timer)
    cshipL                                   0x00001123   Data           7  display.o(timer)
    faultmsg                                 0x0000115b   Data          15  display.o(timer)
    $v0                                      0x0000116c   Number         0  display.o(timer)
    STACK                                    0x20000000   Section     1024  startupnokia.o(STACK)
    StackMem                                 0x20000000   Data           0  startupnokia.o(STACK)

    Global Symbols

    Symbol Name                              Value     Ov Type        Size  Object(Section)

    BuildAttributes$$THM_ISAv4$E$P$D$K$B$S$7EM$VFPi3$EXTD16$VFPS$VFMA$PE$A:L22UL41UL21$X:L11$S22US41US21$IEEE1$IW$USESV6$~STKCKD$USESV7$~SHL$OSPACE$EBA8$STANDARDLIB$EABIv2 0x00000000   Number         0  anon$$obj.o ABSOLUTE
    __Vectors                                0x00000000   Data           0  startupnokia.o(RESET)
    Reset_Handler                            0x0000026d   Thumb Code     0  startupnokia.o(RESET)
    NMI_Handler                              0x00000271   Thumb Code     2  startupnokia.o(RESET)
    HardFault_Handler                        0x00000273   Thumb Code     4  startupnokia.o(RESET)
    MemManage_Handler                        0x00000277   Thumb Code     2  startupnokia.o(RESET)
    BusFault_Handler                         0x00000279   Thumb Code     2  startupnokia.o(RESET)
    UsageFault_Handler                       0x0000027b   Thumb Code     2  startupnokia.o(RESET)
    SVC_Handler                              0x0000027d   Thumb Code     2  startupnokia.o(RESET)
    DebugMon_Handler                         0x0000027f   Thumb Code     2  startupnokia.o(RESET)
    PendSV_Handler                           0x00000281   Thumb Code     2  startupnokia.o(RESET)
    SysTick_Handler                          0x00000283   Thumb Code     2  startupnokia.o(RESET)
    Timer0A_Handler                          0x00000285   Thumb Code     4  startupnokia.o(RESET)
    GPIOPortF_Handler                        0x00000289   Thumb Code     4  startupnokia.o(RESET)
    ADC0Seq0_Handler                         0x0000028d   Thumb Code     0  startupnokia.o(RESET)
    ADC0Seq1_Handler                         0x0000028d   Thumb Code     0  startupnokia.o(RESET)
    ADC0Seq2_Handler                         0x0000028d   Thumb Code     0  startupnokia.o(RESET)
    ADC0Seq3_Handler                         0x0000028d   Thumb Code     0  startupnokia.o(RESET)
    ADC1Seq0_Handler                         0x0000028d   Thumb Code     0  startupnokia.o(RESET)
    ADC1Seq1_Handler                         0x0000028d   Thumb Code     0  startupnokia.o(RESET)
    ADC1Seq2_Handler                         0x0000028d   Thumb Code     0  startupnokia.o(RESET)
    ADC1Seq3_Handler                         0x0000028d   Thumb Code     0  startupnokia.o(RESET)
    CAN0_Handler                             0x0000028d   Thumb Code     0  startupnokia.o(RESET)
    CAN1_Handler                             0x0000028d   Thumb Code     0  startupnokia.o(RESET)
    CAN2_Handler                             0x0000028d   Thumb Code     0  startupnokia.o(RESET)
    Comp0_Handler                            0x0000028d   Thumb Code     0  startupnokia.o(RESET)
    Comp1_Handler                            0x0000028d   Thumb Code     0  startupnokia.o(RESET)
    Comp2_Handler                            0x0000028d   Thumb Code     0  startupnokia.o(RESET)
    Ethernet_Handler                         0x0000028d   Thumb Code     0  startupnokia.o(RESET)
    ExtBus_Handler                           0x0000028d   Thumb Code     0  startupnokia.o(RESET)
    FPU_Handler                              0x0000028d   Thumb Code     0  startupnokia.o(RESET)
    Fan0_Handler                             0x0000028d   Thumb Code     0  startupnokia.o(RESET)
    FlashCtl_Handler                         0x0000028d   Thumb Code     0  startupnokia.o(RESET)
    GPIOPortA_Handler                        0x0000028d   Thumb Code     0  startupnokia.o(RESET)
    GPIOPortB_Handler                        0x0000028d   Thumb Code     0  startupnokia.o(RESET)
    GPIOPortC_Handler                        0x0000028d   Thumb Code     0  startupnokia.o(RESET)
    GPIOPortD_Handler                        0x0000028d   Thumb Code     0  startupnokia.o(RESET)
    GPIOPortE_Handler                        0x0000028d   Thumb Code     0  startupnokia.o(RESET)
    GPIOPortG_Handler                        0x0000028d   Thumb Code     0  startupnokia.o(RESET)
    GPIOPortH_Handler                        0x0000028d   Thumb Code     0  startupnokia.o(RESET)
    GPIOPortJ_Handler                        0x0000028d   Thumb Code     0  startupnokia.o(RESET)
    GPIOPortK_Handler                        0x0000028d   Thumb Code     0  startupnokia.o(RESET)
    GPIOPortL_Handler                        0x0000028d   Thumb Code     0  startupnokia.o(RESET)
    GPIOPortM_Handler                        0x0000028d   Thumb Code     0  startupnokia.o(RESET)
    GPIOPortN_Handler                        0x0000028d   Thumb Code     0  startupnokia.o(RESET)
    GPIOPortP1_Handler                       0x0000028d   Thumb Code     0  startupnokia.o(RESET)
    GPIOPortP2_Handler                       0x0000028d   Thumb Code     0  startupnokia.o(RESET)
    GPIOPortP3_Handler                       0x0000028d   Thumb Code     0  startupnokia.o(RESET)
    GPIOPortP4_Handler                       0x0000028d   Thumb Code     0  startupnokia.o(RESET)
    GPIOPortP5_Handler                       0x0000028d   Thumb Code     0  startupnokia.o(RESET)
    GPIOPortP6_Handler                       0x0000028d   Thumb Code     0  startupnokia.o(RESET)
    GPIOPortP7_Handler                       0x0000028d   Thumb Code     0  startupnokia.o(RESET)
    GPIOPortP_Handler                        0x0000028d   Thumb Code     0  startupnokia.o(RESET)
    GPIOPortQ1_Handler                       0x0000028d   Thumb Code     0  startupnokia.o(RESET)
    GPIOPortQ2_Handler                       0x0000028d   Thumb Code     0  startupnokia.o(RESET)
    GPIOPortQ3_Handler                       0x0000028d   Thumb Code     0  startupnokia.o(RESET)
    GPIOPortQ4_Handler                       0x0000028d   Thumb Code     0  startupnokia.o(RESET)
    GPIOPortQ5_Handler                       0x0000028d   Thumb Code     0  startupnokia.o(RESET)
    GPIOPortQ6_Handler                       0x0000028d   Thumb Code     0  startupnokia.o(RESET)
    GPIOPortQ7_Handler                       0x0000028d   Thumb Code     0  startupnokia.o(RESET)
    GPIOPortQ_Handler                        0x0000028d   Thumb Code     0  startupnokia.o(RESET)
    GPIOPortR_Handler                        0x0000028d   Thumb Code     0  startupnokia.o(RESET)
    GPIOPortS_Handler                        0x0000028d   Thumb Code     0  startupnokia.o(RESET)
    Hibernate_Handler                        0x0000028d   Thumb Code     0  startupnokia.o(RESET)
    I2C0_Handler                             0x0000028d   Thumb Code     0  startupnokia.o(RESET)
    I2C1_Handler                             0x0000028d   Thumb Code     0  startupnokia.o(RESET)
    I2C2_Handler                             0x0000028d   Thumb Code     0  startupnokia.o(RESET)
    I2C3_Handler                             0x0000028d   Thumb Code     0  startupnokia.o(RESET)
    I2C4_Handler                             0x0000028d   Thumb Code     0  startupnokia.o(RESET)
    I2C5_Handler                             0x0000028d   Thumb Code     0  startupnokia.o(RESET)
    I2S0_Handler                             0x0000028d   Thumb Code     0  startupnokia.o(RESET)
    LPC0_Handler                             0x0000028d   Thumb Code     0  startupnokia.o(RESET)
    PECI0_Handler                            0x0000028d   Thumb Code     0  startupnokia.o(RESET)
    PWM0Fault_Handler                        0x0000028d   Thumb Code     0  startupnokia.o(RESET)
    PWM0Generator0_Handler                   0x0000028d   Thumb Code     0  startupnokia.o(RESET)
    PWM0Generator1_Handler                   0x0000028d   Thumb Code     0  startupnokia.o(RESET)
    PWM0Generator2_Handler                   0x0000028d   Thumb Code     0  startupnokia.o(RESET)
    PWM0Generator3_Handler                   0x0000028d   Thumb Code     0  startupnokia.o(RESET)
    PWM1Fault_Handler                        0x0000028d   Thumb Code     0  startupnokia.o(RESET)
    PWM1Generator0_Handler                   0x0000028d   Thumb Code     0  startupnokia.o(RESET)
    PWM1Generator1_Handler                   0x0000028d   Thumb Code     0  startupnokia.o(RESET)
    PWM1Generator2_Handler                   0x0000028d   Thumb Code     0  startupnokia.o(RESET)
    PWM1Generator3_Handler                   0x0000028d   Thumb Code     0  startupnokia.o(RESET)
    Quadrature0_Handler                      0x0000028d   Thumb Code     0  startupnokia.o(RESET)
    Quadrature1_Handler                      0x0000028d   Thumb Code     0  startupnokia.o(RESET)
    Quadrature2_Handler                      0x0000028d   Thumb Code     0  startupnokia.o(RESET)
    SSI0_Handler                             0x0000028d   Thumb Code     0  startupnokia.o(RESET)
    SSI1_Handler                             0x0000028d   Thumb Code     0  startupnokia.o(RESET)
    SSI2_Handler                             0x0000028d   Thumb Code     0  startupnokia.o(RESET)
    SSI3_Handler                             0x0000028d   Thumb Code     0  startupnokia.o(RESET)
    SysCtl_Handler                           0x0000028d   Thumb Code     0  startupnokia.o(RESET)
    Timer0B_Handler                          0x0000028d   Thumb Code     0  startupnokia.o(RESET)
    Timer1A_Handler                          0x0000028d   Thumb Code     0  startupnokia.o(RESET)
    Timer1B_Handler                          0x0000028d   Thumb Code     0  startupnokia.o(RESET)
    Timer2A_Handler                          0x0000028d   Thumb Code     0  startupnokia.o(RESET)
    Timer2B_Handler                          0x0000028d   Thumb Code     0  startupnokia.o(RESET)
    Timer3A_Handler                          0x0000028d   Thumb Code     0  startupnokia.o(RESET)
    Timer3B_Handler                          0x0000028d   Thumb Code     0  startupnokia.o(RESET)
    Timer4A_Handler                          0x0000028d   Thumb Code     0  startupnokia.o(RESET)
    Timer4B_Handler                          0x0000028d   Thumb Code     0  startupnokia.o(RESET)
    Timer5A_Handler                          0x0000028d   Thumb Code     0  startupnokia.o(RESET)
    Timer5B_Handler                          0x0000028d   Thumb Code     0  startupnokia.o(RESET)
    UART0_Handler                            0x0000028d   Thumb Code     0  startupnokia.o(RESET)
    UART1_Handler                            0x0000028d   Thumb Code     0  startupnokia.o(RESET)
    UART2_Handler                            0x0000028d   Thumb Code     0  startupnokia.o(RESET)
    UART3_Handler                            0x0000028d   Thumb Code     0  startupnokia.o(RESET)
    UART4_Handler                            0x0000028d   Thumb Code     0  startupnokia.o(RESET)
    UART5_Handler                            0x0000028d   Thumb Code     0  startupnokia.o(RESET)
    UART6_Handler                            0x0000028d   Thumb Code     0  startupnokia.o(RESET)
    UART7_Handler                            0x0000028d   Thumb Code     0  startupnokia.o(RESET)
    USB0_Handler                             0x0000028d   Thumb Code     0  startupnokia.o(RESET)
    WDT_Handler                              0x0000028d   Thumb Code     0  startupnokia.o(RESET)
    WideTimer0A_Handler                      0x0000028d   Thumb Code     0  startupnokia.o(RESET)
    WideTimer0B_Handler                      0x0000028d   Thumb Code     0  startupnokia.o(RESET)
    WideTimer1A_Handler                      0x0000028d   Thumb Code     0  startupnokia.o(RESET)
    WideTimer1B_Handler                      0x0000028d   Thumb Code     0  startupnokia.o(RESET)
    WideTimer2A_Handler                      0x0000028d   Thumb Code     0  startupnokia.o(RESET)
    WideTimer2B_Handler                      0x0000028d   Thumb Code     0  startupnokia.o(RESET)
    WideTimer3A_Handler                      0x0000028d   Thumb Code     0  startupnokia.o(RESET)
    WideTimer3B_Handler                      0x0000028d   Thumb Code     0  startupnokia.o(RESET)
    WideTimer4A_Handler                      0x0000028d   Thumb Code     0  startupnokia.o(RESET)
    WideTimer4B_Handler                      0x0000028d   Thumb Code     0  startupnokia.o(RESET)
    WideTimer5A_Handler                      0x0000028d   Thumb Code     0  startupnokia.o(RESET)
    WideTimer5B_Handler                      0x0000028d   Thumb Code     0  startupnokia.o(RESET)
    uDMA_Error                               0x0000028d   Thumb Code     0  startupnokia.o(RESET)
    uDMA_Handler                             0x0000028d   Thumb Code     0  startupnokia.o(RESET)
    Start                                    0x00000689   Thumb Code     4  main.o(.text)
    My_Timer0A_Handler                       0x000008a3   Data           0  timer.o(routines)
    timer_init                               0x00000905   Thumb Code     0  timer.o(routines)
    My_GPIOPortF_Handler                     0x000009f9   Thumb Code     0  gpio.o(routines)
    GPIO_Init                                0x00000af9   Thumb Code     0  gpio.o(routines)
    Sampl                                    0x00000be5   Thumb Code     0  adc.o(routines)
    ADC_Init                                 0x00000c0d   Thumb Code     0  adc.o(routines)
    Nokia_Init                               0x0000116b   Data           0  display.o(timer)
    Out1BNokia                               0x0000125b   Thumb Code     0  display.o(timer)
    OutImgNokia                              0x0000126f   Thumb Code     0  display.o(timer)
    SetXYNokia                               0x000012c3   Thumb Code     0  display.o(timer)
    OutCharNokia                             0x00001309   Thumb Code     0  display.o(timer)
    OutStrNokia                              0x00001353   Thumb Code     0  display.o(timer)
    ClearNokia                               0x0000136b   Thumb Code     0  display.o(timer)
    OutCrsUNokia                             0x000013c3   Thumb Code     0  display.o(timer)
    OutCrsLNokia                             0x000013f7   Thumb Code     0  display.o(timer)
    OutBUNokia                               0x0000142f   Thumb Code     0  display.o(timer)
    OutBLNokia                               0x00001463   Thumb Code     0  display.o(timer)
    OutCUNokia                               0x00001497   Thumb Code     0  display.o(timer)
    OutCLNokia                               0x000014cb   Thumb Code     0  display.o(timer)
    Cleargamefield                           0x000014ff   Thumb Code     0  display.o(timer)
    hfmessage                                0x00001559   Thumb Code     0  display.o(timer)



==============================================================================

Memory Map of the image

  Image Entry point : 0x0000026d

  Load Region LR_1 (Base: 0x00000000, Size: 0x000015cc, Max: 0xffffffff, ABSOLUTE)

    Execution Region ER_RO (Exec base: 0x00000000, Load base: 0x00000000, Size: 0x000015cc, Max: 0xffffffff, ABSOLUTE)

    Exec Addr    Load Addr    Size         Type   Attr      Idx    E Section Name        Object

    0x00000000   0x00000000   0x00000290   Code   RO            3  * RESET               startupnokia.o
    0x00000290   0x00000290   0x0000052c   Code   RO           24    .text               main.o
    0x000007bc   0x000007bc   0x0000023c   Code   RO           12    routines            timer.o
    0x000009f8   0x000009f8   0x000001ec   Code   RO           15    routines            gpio.o
    0x00000be4   0x00000be4   0x000000dc   Code   RO           18    routines            adc.o
    0x00000cc0   0x00000cc0   0x0000090c   Code   RO           21    timer               display.o


    Execution Region ER_RW (Exec base: 0x20000000, Load base: 0x000015cc, Size: 0x00000000, Max: 0xffffffff, ABSOLUTE)

    **** No section assigned to this execution region ****


    Execution Region ER_ZI (Exec base: 0x20000000, Load base: 0x000015cc, Size: 0x00000400, Max: 0xffffffff, ABSOLUTE)

    Exec Addr    Load Addr    Size         Type   Attr      Idx    E Section Name        Object

    0x20000000        -       0x00000400   Zero   RW            1    STACK               startupnokia.o


==============================================================================

Image component sizes


      Code (inc. data)   RO Data    RW Data    ZI Data      Debug   Object Name

       220         56          0          0          0        280   adc.o
      2316       1294          0          0          0        592   display.o
       492         92          0          0          0        352   gpio.o
      1324       1054          0          0          0        300   main.o
       656        622          0          0       1024        880   startupnokia.o
       572        308          0          0          0        316   timer.o

    ----------------------------------------------------------------------
      5580       3426          0          0       1024       2720   Object Totals
         0          0          0          0          0          0   (incl. Generated)
         0          0          0          0          0          0   (incl. Padding)

    ----------------------------------------------------------------------
         0          0          0          0          0          0   Library Totals
         0          0          0          0          0          0   (incl. Padding)

    ----------------------------------------------------------------------

==============================================================================


      Code (inc. data)   RO Data    RW Data    ZI Data      Debug   

      5580       3426          0          0       1024       2720   Grand Totals
      5580       3426          0          0       1024       2720   ELF Image Totals
      5580       3426          0          0          0          0   ROM Totals

==============================================================================

    Total RO  Size (Code + RO Data)                 5580 (   5.45kB)
    Total RW  Size (RW Data + ZI Data)              1024 (   1.00kB)
    Total ROM Size (Code + RO Data + RW Data)       5580 (   5.45kB)

==============================================================================

